TAP version 13
# (node:42165) [MODULE_TYPELESS_PACKAGE_JSON] Warning: Module type of file:///Users/felipebianchini/Developer/porta-malas/tests/partner-referral.test.ts is not specified and it doesn't parse as CommonJS.
# Reparsing as ES module because module syntax was detected. This incurs a performance overhead.
# To eliminate this warning, add "type": "module" to /Users/felipebianchini/Developer/porta-malas/package.json.
# (Use `node --trace-warnings ...` to show where the warning was created)
# Subtest: gera link de indicação sem expor dados financeiros ou identificador interno
ok 1 - gera link de indicação sem expor dados financeiros ou identificador interno
  ---
  duration_ms: 1.229833
  type: 'test'
  ...
# Subtest: extrai o código de URL, protocolo BagPoint ou conteúdo puro
ok 2 - extrai o código de URL, protocolo BagPoint ou conteúdo puro
  ---
  duration_ms: 0.61
  type: 'test'
  ...
# Subtest: seleciona somente parceiro ativo com código correspondente
ok 3 - seleciona somente parceiro ativo com código correspondente
  ---
  duration_ms: 0.267292
  type: 'test'
  ...
# Subtest: configura a entrada móvel para abrir diretamente a câmera traseira
ok 4 - configura a entrada móvel para abrir diretamente a câmera traseira
  ---
  duration_ms: 1.425458
  type: 'test'
  ...
1..4
# tests 4
# suites 0
# pass 4
# fail 0
# cancelled 0
# skipped 0
# todo 0
# duration_ms 326.047125

