TAP version 13
# (node:41901) [MODULE_TYPELESS_PACKAGE_JSON] Warning: Module type of file:///Users/felipebianchini/Developer/porta-malas/tests/partner-referral.test.ts is not specified and it doesn't parse as CommonJS.
# Reparsing as ES module because module syntax was detected. This incurs a performance overhead.
# To eliminate this warning, add "type": "module" to /Users/felipebianchini/Developer/porta-malas/package.json.
# (Use `node --trace-warnings ...` to show where the warning was created)
# Subtest: gera link de indicação sem expor dados financeiros ou identificador interno
ok 1 - gera link de indicação sem expor dados financeiros ou identificador interno
  ---
  duration_ms: 1.771458
  type: 'test'
  ...
# Subtest: extrai o código de URL, protocolo BagPoint ou conteúdo puro
ok 2 - extrai o código de URL, protocolo BagPoint ou conteúdo puro
  ---
  duration_ms: 0.811916
  type: 'test'
  ...
# Subtest: seleciona somente parceiro ativo com código correspondente
ok 3 - seleciona somente parceiro ativo com código correspondente
  ---
  duration_ms: 0.366458
  type: 'test'
  ...
# Subtest: configura a entrada móvel para abrir diretamente a câmera traseira
not ok 4 - configura a entrada móvel para abrir diretamente a câmera traseira
  ---
  duration_ms: 1.916209
  type: 'test'
  location: '/Users/felipebianchini/Developer/porta-malas/tests/partner-referral.test.ts:40:1'
  failureType: 'testCodeFailure'
  error: |-
    Expected values to be strictly deep-equal:
    + actual - expected
    
      {
        accept: 'image/*',
    -   capture: 'environment'
      }
    
  code: 'ERR_ASSERTION'
  name: 'AssertionError'
  expected:
    accept: 'image/*'
    capture: 'environment'
  actual:
    accept: 'image/*'
  operator: 'deepStrictEqual'
  stack: |-
    TestContext.<anonymous> (file:///Users/felipebianchini/Developer/porta-malas/tests/partner-referral.test.ts:41:10)
    Test.runInAsyncScope (node:async_hooks:214:14)
    Test.run (node:internal/test_runner/test:1047:25)
    Test.processPendingSubtests (node:internal/test_runner/test:744:18)
    Test.postRun (node:internal/test_runner/test:1173:19)
    Test.run (node:internal/test_runner/test:1101:12)
    async Test.processPendingSubtests (node:internal/test_runner/test:744:7)
  ...
1..4
# tests 4
# suites 0
# pass 3
# fail 1
# cancelled 0
# skipped 0
# todo 0
# duration_ms 357.114709

