
> porta-malas@0.1.0 test
> node --test --experimental-strip-types tests/**/*.test.ts --test-name-pattern=configura a entrada móvel

TAP version 13
# (node:41680) [MODULE_TYPELESS_PACKAGE_JSON] Warning: Module type of file:///Users/felipebianchini/Developer/porta-malas/tests/acceptance-share.test.ts is not specified and it doesn't parse as CommonJS.
# Reparsing as ES module because module syntax was detected. This incurs a performance overhead.
# To eliminate this warning, add "type": "module" to /Users/felipebianchini/Developer/porta-malas/package.json.
# (Use `node --trace-warnings ...` to show where the warning was created)
# Subtest: mensagem de check-in inclui link de aceite das regras
ok 1 - mensagem de check-in inclui link de aceite das regras
  ---
  duration_ms: 22.584333
  type: 'test'
  ...
# (node:41681) [MODULE_TYPELESS_PACKAGE_JSON] Warning: Module type of file:///Users/felipebianchini/Developer/porta-malas/tests/atendimento-delete.test.ts is not specified and it doesn't parse as CommonJS.
# Reparsing as ES module because module syntax was detected. This incurs a performance overhead.
# To eliminate this warning, add "type": "module" to /Users/felipebianchini/Developer/porta-malas/package.json.
# (Use `node --trace-warnings ...` to show where the warning was created)
# Subtest: resolverDiretorioAtendimento limita a limpeza ao diretório UUID do atendimento
ok 2 - resolverDiretorioAtendimento limita a limpeza ao diretório UUID do atendimento
  ---
  duration_ms: 1.805333
  type: 'test'
  ...
# Subtest: confirmação exige o protocolo completo e exato
ok 3 - confirmação exige o protocolo completo e exato
  ---
  duration_ms: 0.63975
  type: 'test'
  ...
# (node:41682) [MODULE_TYPELESS_PACKAGE_JSON] Warning: Module type of file:///Users/felipebianchini/Developer/porta-malas/tests/checkin-price.test.ts is not specified and it doesn't parse as CommonJS.
# Reparsing as ES module because module syntax was detected. This incurs a performance overhead.
# To eliminate this warning, add "type": "module" to /Users/felipebianchini/Developer/porta-malas/package.json.
# (Use `node --trace-warnings ...` to show where the warning was created)
# Subtest: soma automaticamente o preço de cada mala selecionada
ok 4 - soma automaticamente o preço de cada mala selecionada
  ---
  duration_ms: 0.96575
  type: 'test'
  ...
# Subtest: ignora malas sem categoria ou com categoria inexistente
ok 5 - ignora malas sem categoria ou com categoria inexistente
  ---
  duration_ms: 0.149459
  type: 'test'
  ...
# (node:41683) [MODULE_TYPELESS_PACKAGE_JSON] Warning: Module type of file:///Users/felipebianchini/Developer/porta-malas/tests/date-time.test.ts is not specified and it doesn't parse as CommonJS.
# Reparsing as ES module because module syntax was detected. This incurs a performance overhead.
# To eliminate this warning, add "type": "module" to /Users/felipebianchini/Developer/porta-malas/package.json.
# (Use `node --trace-warnings ...` to show where the warning was created)
# Subtest: exibe timestamps no horário de São Paulo
ok 6 - exibe timestamps no horário de São Paulo
  ---
  duration_ms: 268.387167
  type: 'test'
  ...
# Subtest: gera a data e a segunda-feira conforme São Paulo, não conforme UTC
ok 7 - gera a data e a segunda-feira conforme São Paulo, não conforme UTC
  ---
  duration_ms: 1.591125
  type: 'test'
  ...
# (node:41684) [MODULE_TYPELESS_PACKAGE_JSON] Warning: Module type of file:///Users/felipebianchini/Developer/porta-malas/tests/export.test.ts is not specified and it doesn't parse as CommonJS.
# Reparsing as ES module because module syntax was detected. This incurs a performance overhead.
# To eliminate this warning, add "type": "module" to /Users/felipebianchini/Developer/porta-malas/package.json.
# (Use `node --trace-warnings ...` to show where the warning was created)
# Subtest: gerarCSV preserva os dados principais
ok 8 - gerarCSV preserva os dados principais
  ---
  duration_ms: 40.491417
  type: 'test'
  ...
# Subtest: gerarExcel produz um arquivo XLSX válido
ok 9 - gerarExcel produz um arquivo XLSX válido
  ---
  duration_ms: 144.71525
  type: 'test'
  ...
# (node:41685) [MODULE_TYPELESS_PACKAGE_JSON] Warning: Module type of file:///Users/felipebianchini/Developer/porta-malas/tests/partner-export.test.ts is not specified and it doesn't parse as CommonJS.
# Reparsing as ES module because module syntax was detected. This incurs a performance overhead.
# To eliminate this warning, add "type": "module" to /Users/felipebianchini/Developer/porta-malas/package.json.
# (Use `node --trace-warnings ...` to show where the warning was created)
# Subtest: exportação mensal de repasses gera XLSX com dados financeiros
ok 10 - exportação mensal de repasses gera XLSX com dados financeiros
  ---
  duration_ms: 147.115625
  type: 'test'
  ...
# (node:41686) [MODULE_TYPELESS_PACKAGE_JSON] Warning: Module type of file:///Users/felipebianchini/Developer/porta-malas/tests/partner-program.test.ts is not specified and it doesn't parse as CommonJS.
# Reparsing as ES module because module syntax was detected. This incurs a performance overhead.
# To eliminate this warning, add "type": "module" to /Users/felipebianchini/Developer/porta-malas/package.json.
# (Use `node --trace-warnings ...` to show where the warning was created)
# Subtest: calcula desconto e comissão sobre o valor-base com arredondamento monetário
ok 11 - calcula desconto e comissão sobre o valor-base com arredondamento monetário
  ---
  duration_ms: 7.609125
  type: 'test'
  ...
# Subtest: arredonda cada efeito financeiro em centavos
ok 12 - arredonda cada efeito financeiro em centavos
  ---
  duration_ms: 0.310041
  type: 'test'
  ...
# Subtest: gera código estável e legível conforme o grupo
ok 13 - gera código estável e legível conforme o grupo
  ---
  duration_ms: 0.421125
  type: 'test'
  ...
# Subtest: impede aplicar o programa sobre categoria com desconto de parceiro já embutido
ok 14 - impede aplicar o programa sobre categoria com desconto de parceiro já embutido
  ---
  duration_ms: 0.28425
  type: 'test'
  ...
# Subtest: classifica alertas de repasse pelos dias restantes
ok 15 - classifica alertas de repasse pelos dias restantes
  ---
  duration_ms: 0.269625
  type: 'test'
  ...
# file:///Users/felipebianchini/Developer/porta-malas/tests/partner-referral.test.ts:8
#   obterAtributosCapturaQr,
#   ^^^^^^^^^^^^^^^^^^^^^^^
# SyntaxError: The requested module '../lib/utils/partner-referral.ts' does not provide an export named 'obterAtributosCapturaQr'
#     at ModuleJob._instantiate (node:internal/modules/esm/module_job:226:21)
#     at async ModuleJob.run (node:internal/modules/esm/module_job:335:5)
#     at async onImport.tracePromise.__proto__ (node:internal/modules/esm/loader:681:26)
#     at async asyncRunEntryPointWithESMLoader (node:internal/modules/run_main:117:5)
# Node.js v22.23.2
# Subtest: tests/partner-referral.test.ts
not ok 8 - tests/partner-referral.test.ts
  ---
  duration_ms: 1523.749334
  type: 'test'
  location: '/Users/felipebianchini/Developer/porta-malas/tests/partner-referral.test.ts:1:1'
  failureType: 'testCodeFailure'
  exitCode: 1
  signal: ~
  error: 'test failed'
  code: 'ERR_TEST_FAILURE'
  ...
# (node:41688) [MODULE_TYPELESS_PACKAGE_JSON] Warning: Module type of file:///Users/felipebianchini/Developer/porta-malas/tests/password.test.ts is not specified and it doesn't parse as CommonJS.
# Reparsing as ES module because module syntax was detected. This incurs a performance overhead.
# To eliminate this warning, add "type": "module" to /Users/felipebianchini/Developer/porta-malas/package.json.
# (Use `node --trace-warnings ...` to show where the warning was created)
# Subtest: hashPassword cria hash scrypt verificável sem armazenar a senha
ok 17 - hashPassword cria hash scrypt verificável sem armazenar a senha
  ---
  duration_ms: 659.224375
  type: 'test'
  ...
# Subtest: verifyPassword rejeita senha errada e formato inválido
ok 18 - verifyPassword rejeita senha errada e formato inválido
  ---
  duration_ms: 188.219041
  type: 'test'
  ...
# Subtest: hashPassword rejeita senha curta
ok 19 - hashPassword rejeita senha curta
  ---
  duration_ms: 4.024875
  type: 'test'
  ...
# (node:41689) [MODULE_TYPELESS_PACKAGE_JSON] Warning: Module type of file:///Users/felipebianchini/Developer/porta-malas/tests/payment.test.ts is not specified and it doesn't parse as CommonJS.
# Reparsing as ES module because module syntax was detected. This incurs a performance overhead.
# To eliminate this warning, add "type": "module" to /Users/felipebianchini/Developer/porta-malas/package.json.
# (Use `node --trace-warnings ...` to show where the warning was created)
# Subtest: aceita apenas as quatro formas de pagamento do contrato
ok 20 - aceita apenas as quatro formas de pagamento do contrato
  ---
  duration_ms: 1.842958
  type: 'test'
  ...
# Subtest: registros antigos sem pagamento aparecem como não informado
ok 21 - registros antigos sem pagamento aparecem como não informado
  ---
  duration_ms: 0.359792
  type: 'test'
  ...
# (node:41690) [MODULE_TYPELESS_PACKAGE_JSON] Warning: Module type of file:///Users/felipebianchini/Developer/porta-malas/tests/photo-share.test.ts is not specified and it doesn't parse as CommonJS.
# Reparsing as ES module because module syntax was detected. This incurs a performance overhead.
# To eliminate this warning, add "type": "module" to /Users/felipebianchini/Developer/porta-malas/package.json.
# (Use `node --trace-warnings ...` to show where the warning was created)
# Subtest: nomeia cada arquivo compartilhado com o lacre da mala
ok 22 - nomeia cada arquivo compartilhado com o lacre da mala
  ---
  duration_ms: 16.737416
  type: 'test'
  ...
# Subtest: mensagem lista protocolo e lacres sem repetir identificadores
ok 23 - mensagem lista protocolo e lacres sem repetir identificadores
  ---
  duration_ms: 0.408792
  type: 'test'
  ...
# (node:41691) [MODULE_TYPELESS_PACKAGE_JSON] Warning: Module type of file:///Users/felipebianchini/Developer/porta-malas/tests/telefone.test.ts is not specified and it doesn't parse as CommonJS.
# Reparsing as ES module because module syntax was detected. This incurs a performance overhead.
# To eliminate this warning, add "type": "module" to /Users/felipebianchini/Developer/porta-malas/package.json.
# (Use `node --trace-warnings ...` to show where the warning was created)
# Subtest: mantém números internacionais sem adicionar o código do Brasil
ok 24 - mantém números internacionais sem adicionar o código do Brasil
  ---
  duration_ms: 7.333125
  type: 'test'
  ...
# Subtest: mantém compatibilidade com números brasileiros antigos
ok 25 - mantém compatibilidade com números brasileiros antigos
  ---
  duration_ms: 0.396417
  type: 'test'
  ...
# Subtest: rejeita telefone sem tamanho internacional válido
ok 26 - rejeita telefone sem tamanho internacional válido
  ---
  duration_ms: 0.391417
  type: 'test'
  ...
1..26
# tests 26
# suites 0
# pass 25
# fail 1
# cancelled 0
# skipped 0
# todo 0
# duration_ms 3205.160958

