TAP version 13
# (node:53385) [MODULE_TYPELESS_PACKAGE_JSON] Warning: Module type of file:///Users/felipebianchini/Developer/porta-malas/tests/acceptance-share.test.ts is not specified and it doesn't parse as CommonJS.
# Reparsing as ES module because module syntax was detected. This incurs a performance overhead.
# To eliminate this warning, add "type": "module" to /Users/felipebianchini/Developer/porta-malas/package.json.
# (Use `node --trace-warnings ...` to show where the warning was created)
# Subtest: mensagem de check-in inclui link de aceite das regras
ok 1 - mensagem de check-in inclui link de aceite das regras
  ---
  duration_ms: 0.414125
  type: 'test'
  ...
# (node:53386) [MODULE_TYPELESS_PACKAGE_JSON] Warning: Module type of file:///Users/felipebianchini/Developer/porta-malas/tests/atendimento-delete.test.ts is not specified and it doesn't parse as CommonJS.
# Reparsing as ES module because module syntax was detected. This incurs a performance overhead.
# To eliminate this warning, add "type": "module" to /Users/felipebianchini/Developer/porta-malas/package.json.
# (Use `node --trace-warnings ...` to show where the warning was created)
# Subtest: resolverDiretorioAtendimento limita a limpeza ao diretório UUID do atendimento
ok 2 - resolverDiretorioAtendimento limita a limpeza ao diretório UUID do atendimento
  ---
  duration_ms: 1.023541
  type: 'test'
  ...
# Subtest: confirmação exige o protocolo completo e exato
ok 3 - confirmação exige o protocolo completo e exato
  ---
  duration_ms: 0.285791
  type: 'test'
  ...
# (node:53387) [MODULE_TYPELESS_PACKAGE_JSON] Warning: Module type of file:///Users/felipebianchini/Developer/porta-malas/tests/checkin-price.test.ts is not specified and it doesn't parse as CommonJS.
# Reparsing as ES module because module syntax was detected. This incurs a performance overhead.
# To eliminate this warning, add "type": "module" to /Users/felipebianchini/Developer/porta-malas/package.json.
# (Use `node --trace-warnings ...` to show where the warning was created)
# Subtest: soma automaticamente o preço de cada mala selecionada
ok 4 - soma automaticamente o preço de cada mala selecionada
  ---
  duration_ms: 1.097333
  type: 'test'
  ...
# Subtest: ignora malas sem categoria ou com categoria inexistente
ok 5 - ignora malas sem categoria ou com categoria inexistente
  ---
  duration_ms: 0.199084
  type: 'test'
  ...
# (node:53388) [MODULE_TYPELESS_PACKAGE_JSON] Warning: Module type of file:///Users/felipebianchini/Developer/porta-malas/tests/date-time.test.ts is not specified and it doesn't parse as CommonJS.
# Reparsing as ES module because module syntax was detected. This incurs a performance overhead.
# To eliminate this warning, add "type": "module" to /Users/felipebianchini/Developer/porta-malas/package.json.
# (Use `node --trace-warnings ...` to show where the warning was created)
# Subtest: exibe timestamps no horário de São Paulo
ok 6 - exibe timestamps no horário de São Paulo
  ---
  duration_ms: 13.776541
  type: 'test'
  ...
# Subtest: gera a data e a segunda-feira conforme São Paulo, não conforme UTC
ok 7 - gera a data e a segunda-feira conforme São Paulo, não conforme UTC
  ---
  duration_ms: 0.43875
  type: 'test'
  ...
# (node:53389) [MODULE_TYPELESS_PACKAGE_JSON] Warning: Module type of file:///Users/felipebianchini/Developer/porta-malas/tests/export.test.ts is not specified and it doesn't parse as CommonJS.
# Reparsing as ES module because module syntax was detected. This incurs a performance overhead.
# To eliminate this warning, add "type": "module" to /Users/felipebianchini/Developer/porta-malas/package.json.
# (Use `node --trace-warnings ...` to show where the warning was created)
# Subtest: gerarCSV preserva os dados principais
ok 8 - gerarCSV preserva os dados principais
  ---
  duration_ms: 11.054333
  type: 'test'
  ...
# Subtest: gerarExcel produz um arquivo XLSX válido
ok 9 - gerarExcel produz um arquivo XLSX válido
  ---
  duration_ms: 24.107917
  type: 'test'
  ...
# (node:53390) [MODULE_TYPELESS_PACKAGE_JSON] Warning: Module type of file:///Users/felipebianchini/Developer/porta-malas/tests/partner-export.test.ts is not specified and it doesn't parse as CommonJS.
# Reparsing as ES module because module syntax was detected. This incurs a performance overhead.
# To eliminate this warning, add "type": "module" to /Users/felipebianchini/Developer/porta-malas/package.json.
# (Use `node --trace-warnings ...` to show where the warning was created)
# Subtest: exportação mensal de repasses gera XLSX com dados financeiros
ok 10 - exportação mensal de repasses gera XLSX com dados financeiros
  ---
  duration_ms: 25.376833
  type: 'test'
  ...
# (node:53391) [MODULE_TYPELESS_PACKAGE_JSON] Warning: Module type of file:///Users/felipebianchini/Developer/porta-malas/tests/partner-program.test.ts is not specified and it doesn't parse as CommonJS.
# Reparsing as ES module because module syntax was detected. This incurs a performance overhead.
# To eliminate this warning, add "type": "module" to /Users/felipebianchini/Developer/porta-malas/package.json.
# (Use `node --trace-warnings ...` to show where the warning was created)
# Subtest: calcula desconto e comissão sobre o valor-base com arredondamento monetário
ok 11 - calcula desconto e comissão sobre o valor-base com arredondamento monetário
  ---
  duration_ms: 0.536292
  type: 'test'
  ...
# Subtest: arredonda cada efeito financeiro em centavos
ok 12 - arredonda cada efeito financeiro em centavos
  ---
  duration_ms: 0.054917
  type: 'test'
  ...
# Subtest: gera código estável e legível conforme o grupo
ok 13 - gera código estável e legível conforme o grupo
  ---
  duration_ms: 0.14675
  type: 'test'
  ...
# Subtest: classifica alertas de repasse pelos dias restantes
ok 14 - classifica alertas de repasse pelos dias restantes
  ---
  duration_ms: 0.043584
  type: 'test'
  ...
# (node:53392) [MODULE_TYPELESS_PACKAGE_JSON] Warning: Module type of file:///Users/felipebianchini/Developer/porta-malas/tests/password.test.ts is not specified and it doesn't parse as CommonJS.
# Reparsing as ES module because module syntax was detected. This incurs a performance overhead.
# To eliminate this warning, add "type": "module" to /Users/felipebianchini/Developer/porta-malas/package.json.
# (Use `node --trace-warnings ...` to show where the warning was created)
# Subtest: hashPassword cria hash scrypt verificável sem armazenar a senha
ok 15 - hashPassword cria hash scrypt verificável sem armazenar a senha
  ---
  duration_ms: 67.282333
  type: 'test'
  ...
# Subtest: verifyPassword rejeita senha errada e formato inválido
ok 16 - verifyPassword rejeita senha errada e formato inválido
  ---
  duration_ms: 50.67925
  type: 'test'
  ...
# Subtest: hashPassword rejeita senha curta
ok 17 - hashPassword rejeita senha curta
  ---
  duration_ms: 0.27425
  type: 'test'
  ...
# (node:53393) [MODULE_TYPELESS_PACKAGE_JSON] Warning: Module type of file:///Users/felipebianchini/Developer/porta-malas/tests/payment.test.ts is not specified and it doesn't parse as CommonJS.
# Reparsing as ES module because module syntax was detected. This incurs a performance overhead.
# To eliminate this warning, add "type": "module" to /Users/felipebianchini/Developer/porta-malas/package.json.
# (Use `node --trace-warnings ...` to show where the warning was created)
# Subtest: aceita apenas as quatro formas de pagamento do contrato
ok 18 - aceita apenas as quatro formas de pagamento do contrato
  ---
  duration_ms: 1.058625
  type: 'test'
  ...
# Subtest: registros antigos sem pagamento aparecem como não informado
ok 19 - registros antigos sem pagamento aparecem como não informado
  ---
  duration_ms: 0.324125
  type: 'test'
  ...
# (node:53394) [MODULE_TYPELESS_PACKAGE_JSON] Warning: Module type of file:///Users/felipebianchini/Developer/porta-malas/tests/photo-share.test.ts is not specified and it doesn't parse as CommonJS.
# Reparsing as ES module because module syntax was detected. This incurs a performance overhead.
# To eliminate this warning, add "type": "module" to /Users/felipebianchini/Developer/porta-malas/package.json.
# (Use `node --trace-warnings ...` to show where the warning was created)
# Subtest: nomeia cada arquivo compartilhado com o lacre da mala
ok 20 - nomeia cada arquivo compartilhado com o lacre da mala
  ---
  duration_ms: 0.484166
  type: 'test'
  ...
# Subtest: mensagem lista protocolo e lacres sem repetir identificadores
ok 21 - mensagem lista protocolo e lacres sem repetir identificadores
  ---
  duration_ms: 0.069125
  type: 'test'
  ...
# (node:53395) [MODULE_TYPELESS_PACKAGE_JSON] Warning: Module type of file:///Users/felipebianchini/Developer/porta-malas/tests/telefone.test.ts is not specified and it doesn't parse as CommonJS.
# Reparsing as ES module because module syntax was detected. This incurs a performance overhead.
# To eliminate this warning, add "type": "module" to /Users/felipebianchini/Developer/porta-malas/package.json.
# (Use `node --trace-warnings ...` to show where the warning was created)
# Subtest: mantém números internacionais sem adicionar o código do Brasil
ok 22 - mantém números internacionais sem adicionar o código do Brasil
  ---
  duration_ms: 0.435208
  type: 'test'
  ...
# Subtest: mantém compatibilidade com números brasileiros antigos
ok 23 - mantém compatibilidade com números brasileiros antigos
  ---
  duration_ms: 0.148125
  type: 'test'
  ...
# Subtest: rejeita telefone sem tamanho internacional válido
ok 24 - rejeita telefone sem tamanho internacional válido
  ---
  duration_ms: 0.08025
  type: 'test'
  ...
1..24
# tests 24
# suites 0
# pass 24
# fail 0
# cancelled 0
# skipped 0
# todo 0
# duration_ms 337.261958

$ node --test --experimental-strip-types tests/**/*.test.ts
